pvellanki@qa2434:~$ java -version
openjdk version "11.0.14.1" 2022-02-08
OpenJDK Runtime Environment (build 11.0.14.1+1-Ubuntu-0ubuntu1)
OpenJDK 64-Bit Server VM (build 11.0.14.1+1-Ubuntu-0ubuntu1, mixed mode, sharing)
pvellanki@qa2434:~$ which java
/usr/bin/java

pvellanki@qa2434:~$ echo $JAVA_HOME
/usr/bin/java
pvellanki@qa24

pvellanki@qa2434:~$ source ~/.bashrc
pvellanki@qa2434:~$ python3 connectdh.py 
Traceback (most recent call last):
  File "/home/pvellanki/connectdh.py", line 1, in <module>
    from deephaven import Session
  File "/usr/local/lib/python3.10/dist-packages/deephaven/__init__.py", line 90, in <module>
    jpyutil.preload_jvm_dll()
  File "/usr/local/lib/python3.10/dist-packages/jpyutil.py", line 348, in preload_jvm_dll
    jvm_dll_file = find_jvm_dll_file(java_home_dir=java_home_dir, fail=fail)
  File "/usr/local/lib/python3.10/dist-packages/jpyutil.py", line 195, in find_jvm_dll_file
    raise RuntimeError("can't find any JVM shared library")
RuntimeError: can't find any JVM shared library
